group 0: done
group 1: done
group 2: done
group 3: done
group 4: done
group 5: done
group 6: done
group 7: done
group 8: done
group 9: done
group 10: done
group 11: done
group 12: done
group 13: done
group 14: done
group 15: done
group 16: done
group 17: done
group 18: done
group 19: done
group 20: done
group 21: done
group 22: done
group 23: done
group 24: done
group 25: done
group 26: done
group 27: done
group 28: done
group 29: done
group 30: done
group 31: done
group 32: done
group 33: done
group 34: done
group 35: done
group 36: done
group 37: done
group 38: done
group 39: done
{
  "FREE": {
    "n": "57/119",
    "rate": 0.479
  },
  "RAW": {
    "n": "66/119",
    "rate": 0.5546
  },
  "CONSTRAINED": {
    "n": "0/119",
    "rate": 0.0
  },
  "NORMALIZED": {
    "n": "99/119",
    "rate": 0.8319
  },
  "NORM_EXACT": {
    "n": "99/119",
    "rate": 0.8319
  }
}
DEBUG SUMMARY: {"FREE": {"n": "57/119", "rate": 0.479}, "RAW": {"n": "66/119", "rate": 0.5546}, "CONSTRAINED": {"n": "0/119", "rate": 0.0}, "NORMALIZED": {"n": "99/119", "rate": 0.8319}, "NORM_EXACT": {"n": "99/119", "rate": 0.8319}}
