{
  "experiment_schema": "anra-ood-battery/v1",
  "timestamp": "2026-08-22 03:19:24",
  "label": "grandchild-sft2",
  "checkpoint_path": "checkpoints/anra-v4-20k-sft2-selective.pt",
  "global_step": 20000,
  "parameter_sha256": "7ebb91f9a161b8466406af43329ecf08719bcb8effafe676de1f7744a7a969dd",
  "checkpoint_file_sha256": "1598eae35c57262c82b08d9fd06374d69b3d86ef77beff76328914b28172e397",
  "suite_sha256": "ce1c99c57eb022dfbcf0cf0d90e9d9b2c2cb9452b5df7a806468a1157169f43c",
  "profiles": {
    "RAW": {
      "temperature": 0.0,
      "repetition_penalty": 1.0,
      "no_repeat_ngram_size": 0
    },
    "ASSISTED": {
      "temperature": 0.0,
      "repetition_penalty": 1.15,
      "no_repeat_ngram_size": 4
    }
  },
  "device": "cuda",
  "precision": "float32",
  "results": {
    "RAW": {
      "A_selective_multi_fact": {
        "pass": 5,
        "n": 11,
        "acc": 0.455,
        "detail": {
          "A00": false,
          "A01": true,
          "A02": true,
          "A03": false,
          "A04": false,
          "A05": false,
          "A06": false,
          "A07": true,
          "A08": false,
          "A09": true,
          "A10-recency": true
        }
      },
      "B_novel_composition": {
        "pass": 0,
        "n": 12,
        "acc": 0.0,
        "detail": {
          "B00": false,
          "B01": false,
          "B02": false,
          "B03": false,
          "B04": false,
          "B05": false,
          "B06": false,
          "B07": false,
          "B08": false,
          "B09": false,
          "B10": false,
          "B11": false
        }
      },
      "C_causal_tool_result": {
        "pass": 4,
        "n": 8,
        "acc": 0.5,
        "detail": {
          "C00": false,
          "C01": true,
          "C02": true,
          "C03": false,
          "C04": true,
          "C05": true,
          "C06-chat": false,
          "C07-chat": false
        }
      },
      "D_perturbation_controls": {
        "pass": 1,
        "n": 5,
        "acc": 0.2,
        "detail": {
          "D00": false,
          "D01": false,
          "D02": true,
          "D03": false,
          "D04": false
        }
      },
      "E_protocol_transfer": {
        "pass": 6,
        "n": 15,
        "acc": 0.4,
        "detail": {
          "E0-prose": true,
          "E0-json": true,
          "E0-table": false,
          "E0-kv": true,
          "E0-dialogue": true,
          "E1-prose": false,
          "E1-json": false,
          "E1-table": false,
          "E1-kv": false,
          "E1-dialogue": false,
          "E2-prose": true,
          "E2-json": true,
          "E2-table": false,
          "E2-kv": false,
          "E2-dialogue": false
        }
      }
    },
    "ASSISTED": {
      "A_selective_multi_fact": {
        "pass": 5,
        "n": 11,
        "acc": 0.455,
        "detail": {
          "A00": false,
          "A01": true,
          "A02": true,
          "A03": false,
          "A04": false,
          "A05": false,
          "A06": false,
          "A07": true,
          "A08": false,
          "A09": true,
          "A10-recency": true
        }
      },
      "B_novel_composition": {
        "pass": 0,
        "n": 12,
        "acc": 0.0,
        "detail": {
          "B00": false,
          "B01": false,
          "B02": false,
          "B03": false,
          "B04": false,
          "B05": false,
          "B06": false,
          "B07": false,
          "B08": false,
          "B09": false,
          "B10": false,
          "B11": false
        }
      },
      "C_causal_tool_result": {
        "pass": 4,
        "n": 8,
        "acc": 0.5,
        "detail": {
          "C00": false,
          "C01": true,
          "C02": true,
          "C03": false,
          "C04": true,
          "C05": true,
          "C06-chat": false,
          "C07-chat": false
        }
      },
      "D_perturbation_controls": {
        "pass": 1,
        "n": 5,
        "acc": 0.2,
        "detail": {
          "D00": false,
          "D01": false,
          "D02": true,
          "D03": false,
          "D04": false
        }
      },
      "E_protocol_transfer": {
        "pass": 5,
        "n": 15,
        "acc": 0.333,
        "detail": {
          "E0-prose": true,
          "E0-json": true,
          "E0-table": false,
          "E0-kv": true,
          "E0-dialogue": false,
          "E1-prose": false,
          "E1-json": false,
          "E1-table": false,
          "E1-kv": false,
          "E1-dialogue": false,
          "E2-prose": true,
          "E2-json": true,
          "E2-table": false,
          "E2-kv": false,
          "E2-dialogue": false
        }
      }
    }
  },
  "source_commit": "51a4f20f2e573191063a7fb5871fe17f857fbfaf",
  "git_dirty": true
}
