group 0 done
group 1 done
group 2 done
group 3 done
group 4 done
group 5 done
group 6 done
group 7 done
group 8 done
group 9 done
group 10 done
group 11 done
group 12 done
group 13 done
group 14 done
group 15 done
group 16 done
group 17 done
group 18 done
group 19 done
group 20 done
group 21 done
group 22 done
group 23 done
group 24 done
group 25 done
group 26 done
group 27 done
group 28 done
group 29 done
group 30 done
group 31 done
group 32 done
group 33 done
group 34 done
group 35 done
group 36 done
group 37 done
group 38 done
group 39 done
group 40 done
group 41 done
group 42 done
group 43 done
group 44 done
group 45 done
group 46 done
group 47 done
group 48 done
group 49 done
group 50 done
group 51 done
group 52 done
group 53 done
group 54 done
group 55 done
group 56 done
group 57 done
group 58 done
group 59 done
{
  "schema": "anra-self-model-transfer/v1",
  "fixture_sha256": "9f5bd1d3270882bf5a17dbd559e581d2638ca22321877f1ff8ba2a486c9757bd",
  "checkpoint_sha256": "36c87e5be671ff37951b4b433e21ec14bb5e59f6f0770d7f81e50e99ead9e001",
  "n_targets": 210,
  "baselines": {
    "ALWAYS_FREE": 60,
    "ALWAYS_RAW": 80,
    "ALWAYS_CONSTRAINED": 86,
    "ALWAYS_NORMALIZED": 115,
    "HAND_RULE_observed_margin": 99,
    "ADAPTIVE_observed_policy": 106,
    "ORACLE_evaluator_only": 138
  },
  "adaptive_regressions_vs_raw": 21,
  "always_normalized_regressions_vs_raw": 23,
  "abstention_rate": 0.0,
  "fraction_oracle_improvement_over_raw_recovered_by_adaptive": 0.448
}
